╭────────────────────────────────────────────────────────────────────────────────────────╮
│ profile: alpha | api: chat | model: alpha-model | host: gw.example.net/v1              │
╰────────────────────────────────────────────────────────────────────────────────────────╯









╭────────────────────────────────────────────────────────────────────────────────────────╮
│ Select profile                                                                         │
│ a different prompt takes over — the conversation is cleared                            │
│                                                                                        │
│ ❯ 1. alpha ✔     alpha-model · model                                                   │
│   2. bravo       bravo-model · model                                                   │
│                                                                                        │
│                                                                                        │
│                                                                                        │
│                                                                                        │
│                                                                                        │
│                                                                                        │
│                                                                                        │
│                                                                                        │
│                                                                                        │
│                                                                                        │
│                                                                                        │
│ enter pick · 1-9 pick · type to filter · esc cancel                                    │
╰────────────────────────────────────────────────────────────────────────────────────────╯