╭────────────────────────────────────────────────────────────────────────────────────────╮
│ api: chat | model: test-model | host: gw.example.net/v1                                │
╰────────────────────────────────────────────────────────────────────────────────────────╯

























╭────────────────────────────────────────────────────────────────────────────────────────╮
│┃ Ask something… (enter to send, / for commands, ↑/↓ for history)                       │
╰────────────────────────────────────────────────────────────────────────────────────────╯