╭────────────────────────────╮
│ Tokens        ↑ in · ↓ out │
│                            │
│10                          │
│                            │
│                            │
│ 5                          │
│                            │
│                            │
╰────────────────────────────╯
╭────────────────────────────╮
│ Metrics              copy  │
│                            │
│ Request                    │
│   sent at      –           │
│   first byte   –           │
│   answered in  –           │
│   response     –           │
│                            │
│ Tokens                     │
│   in           –           │
│   out          –           │
│   total        –           │
│   context      –           │
│                            │
│ Pricing                    │
│   cost         –           │
│   session      –           │
│                            │
│                            │
╰────────────────────────────╯